// Jest Snapshot v1, https://goo.gl/fbAQLP

exports[`Header renders correctly 1`] = `
<View
  style={
    Object {
      "alignSelf": "stretch",
    }
  }
  testID="testHeader"
>
  <View
    style={
      Object {
        "alignSelf": "stretch",
        "height": null,
      }
    }
  />
  <View
    style={
      Object {
        "flexDirection": "row",
        "paddingHorizontal": 20,
        "paddingVertical": 20,
      }
    }
  >
    <View
      accessible={true}
      focusable={true}
      onClick={[Function]}
      onResponderGrant={[Function]}
      onResponderMove={[Function]}
      onResponderRelease={[Function]}
      onResponderTerminate={[Function]}
      onResponderTerminationRequest={[Function]}
      onStartShouldSetResponder={[Function]}
      style={
        Object {
          "opacity": 1,
        }
      }
      testID="testHeader_backButton"
    >
      <Text />
    </View>
  </View>
</View>
`;
