// Jest Snapshot v1, https://goo.gl/fbAQLP

exports[`Button renders correctly 1`] = `
<View
  accessible={true}
  focusable={true}
  onClick={[Function]}
  onResponderGrant={[Function]}
  onResponderMove={[Function]}
  onResponderRelease={[Function]}
  onResponderTerminate={[Function]}
  onResponderTerminationRequest={[Function]}
  onStartShouldSetResponder={[Function]}
  style={
    Object {
      "alignItems": "center",
      "borderRadius": 14,
      "height": 48,
      "justifyContent": "center",
      "opacity": 1,
      "paddingHorizontal": 16,
      "paddingVertical": 12,
    }
  }
  testID="testButton"
>
  <Text
    style={
      Object {
        "color": "#c6c7d2",
        "fontSize": 14,
        "textAlign": "center",
      }
    }
  >
    Test
  </Text>
</View>
`;
