// Jest Snapshot v1, https://goo.gl/fbAQLP

exports[`ShowListitem renders correctly 1`] = `
<View
  accessible={true}
  focusable={true}
  onClick={[Function]}
  onResponderGrant={[Function]}
  onResponderMove={[Function]}
  onResponderRelease={[Function]}
  onResponderTerminate={[Function]}
  onResponderTerminationRequest={[Function]}
  onStartShouldSetResponder={[Function]}
  style={
    Object {
      "flexDirection": "row",
      "opacity": 1,
    }
  }
  testID="testShowListItem"
>
  <View
    style={
      Object {
        "borderRadius": 4,
        "height": 147,
        "marginRight": 12,
        "width": 105,
      }
    }
  >
    <Image
      source={
        Object {
          "uri": "https://via.placeholder.com/150",
        }
      }
      style={
        Object {
          "borderRadius": 4,
          "height": 147,
          "width": 105,
        }
      }
      testID="undefined_image"
    />
  </View>
  <View
    style={
      Object {
        "alignItems": "flex-start",
      }
    }
  >
    <Text
      style={
        Object {
          "color": "white",
          "fontSize": 24,
          "fontWeight": "700",
          "marginBottom": 8,
          "marginTop": 16,
        }
      }
    >
      Test Movie
    </Text>
    <Text
      style={
        Object {
          "color": "#6d6f7e",
          "marginBottom": 8,
          "textAlign": "center",
        }
      }
      testID="testShowListItem_detailsMainInfo_subtitle"
    >
      Test
    </Text>
    <View
      style={
        Object {
          "alignItems": "center",
          "flexDirection": "row",
        }
      }
    >
      <Text />
      <Text
        style={
          Object {
            "color": "#c6c7d2",
            "fontSize": 16,
            "fontWeight": "700",
            "marginLeft": 8,
          }
        }
        testID="testShowListItem_detailsMainInfo_rating"
      >
        8
      </Text>
    </View>
  </View>
</View>
`;
